../Core/Src/cc2500.c:21:6:CC2500_WriteRegister	16	static
../Core/Src/cc2500.c:29:9:CC2500_ReadRegister	24	static
../Core/Src/cc2500.c:40:6:CC2500_Strobe	16	static
../Core/Src/cc2500.c:47:6:CC2500_SetChannel	16	static
../Core/Src/cc2500.c:53:9:CC2500_ReadRSSI	16	static
../Core/Src/cc2500.c:87:6:CC2500_ApplyConfig	8	static
../Core/Src/cc2500.c:116:6:CC2500_Init	8	static
../Core/Src/cc2500.c:133:6:CC2500_RecalibrateNoiseFloor	24	static
../Core/Src/cc2500.c:156:6:CC2500_SweepAndDetect	16	static
../Core/Src/cc2500.c:203:6:CC2500_RunSignalTest	24	static
